1. Testing Manual Add...
ADD Success: { message: 'Item added successfully' }
2. Verifying with GET...
Γ£à SUCCESS: Item found in inventory!
Saved Item: {
  id: 3,
  item_name: 'Test_Manual_Item_1769534180259',
  item_type: 'medicine',
  stock_quantity: 50,
  unit: 'strips',
  expiry_date: '2028-12-01',
  low_stock_threshold: 5,
  barcode: '123456789',
  created_at: '2026-01-27T17:16:20.000Z',
  updated_at: '2026-01-27T17:16:20.000Z'
}
Sent Expiry: 2028/12
Recv Expiry: 2028-12-01
